[quiety-next.themetags.com/software-application.html]
[backblue.gif]
[fade.gif]
[index.html]
[quiety-next.themetags.com/favicon.png]
[quiety-next.themetags.com/_next/static/chunks/polyfills-c67a75d1b6f99dc8.js]
[quiety-next.themetags.com/_next/static/css/a858ede4f2623251.css]
[quiety-next.themetags.com/_next/static/chunks/webpack-8e959a88cb46fb08.js]
[quiety-next.themetags.com/_next/static/chunks/framework-a070cbfff3c750c5.js]
[quiety-next.themetags.com/_next/static/chunks/main-e49acc80dc6c50b8.js]
[quiety-next.themetags.com/_next/static/chunks/pages/_app-78924ea32ad8d3c4.js]
[quiety-next.themetags.com/_next/static/chunks/1bfc9850-f0c211c07f426ed6.js]
[quiety-next.themetags.com/_next/static/chunks/0c428ae2-78af68c365d7a815.js]
[quiety-next.themetags.com/_next/static/chunks/1a48c3c1-3b5d117046d36a3b.js]
[quiety-next.themetags.com/_next/static/chunks/d64684d8-8c3a37c2d3a4495d.js]
[quiety-next.themetags.com/_next/static/chunks/ae51ba48-ec12a4b62edfe4ee.js]
[quiety-next.themetags.com/_next/static/chunks/1664-2bd7c0cf8e82d2c6.js]
[quiety-next.themetags.com/_next/static/chunks/5675-7de29d28532f6025.js]
[quiety-next.themetags.com/_next/static/chunks/2847-ea24c9d5df2ffde7.js]
[quiety-next.themetags.com/_next/static/chunks/1239-56dde841b7dee7d6.js]
[quiety-next.themetags.com/_next/static/chunks/719-d9cd36247607f561.js]
[quiety-next.themetags.com/_next/static/chunks/6893-8aeab6e8d9b60182.js]
[quiety-next.themetags.com/_next/static/chunks/9958-c23cc526f6438b7e.js]
[quiety-next.themetags.com/_next/static/chunks/9463-7f2d4fbff6600c01.js]
[quiety-next.themetags.com/_next/static/chunks/1518-92c3777ecb925a67.js]
[quiety-next.themetags.com/_next/static/chunks/pages/software-application-32acce3cc1bffbfe.js]
[quiety-next.themetags.com/_next/static/gnVgWYgNx_siz8d2uyExf/_buildManifest.js]
[quiety-next.themetags.com/_next/static/gnVgWYgNx_siz8d2uyExf/_ssgManifest.js]
[quiety-next.themetags.com/request-demo.html]
[quiety-next.themetags.com/about-us.html]
[quiety-next.themetags.com/clients/client-1.svg]
[quiety-next.themetags.com/clients/client-3.svg]
[quiety-next.themetags.com/clients/client-2.svg]
[quiety-next.themetags.com/screen/animated-screen-2.svg]
[quiety-next.themetags.com/screen/animated-screen-166b5.svg]
[quiety-next.themetags.com/shape/dot-big-square.svg]
[quiety-next.themetags.com/clients/client-logo-1.svg]
[quiety-next.themetags.com/clients/client-logo-2.svg]
[quiety-next.themetags.com/clients/client-logo-3.svg]
[quiety-next.themetags.com/clients/client-logo-4.svg]
[quiety-next.themetags.com/clients/client-logo-5.svg]
[quiety-next.themetags.com/clients/client-logo-6.svg]
[quiety-next.themetags.com/clients/client-logo-7.svg]
[quiety-next.themetags.com/clients/client-logo-8.svg]
[quiety-next.themetags.com/screen/widget-12.png]
[quiety-next.themetags.com/screen/widget-8.png]
[quiety-next.themetags.com/screen/widget-11.png]
[quiety-next.themetags.com/feature-hero-img3679.svg]
[quiety-next.themetags.com/feature-hero-img-23679.svg]
[quiety-next.themetags.com/testimonial/quotes-dot.svg]
[quiety-next.themetags.com/testimonial/3e12c.jpg]
[quiety-next.themetags.com/testimonial/4e12c.jpg]
[quiety-next.themetags.com/testimonial/1e12c.jpg]
[quiety-next.themetags.com/contact-us.html]
[quiety-next.themetags.com/integrations.html]
[quiety-next.themetags.com/integations/airbnb5436.png]
[quiety-next.themetags.com/integations/figma5436.png]
[quiety-next.themetags.com/integations/facebook5436.png]
[quiety-next.themetags.com/integations/sales-force5436.png]
[quiety-next.themetags.com/integations/atlassian5436.png]
[quiety-next.themetags.com/integations/dropbox-25436.png]
[quiety-next.themetags.com/integations/dynamic-3655436.png]
[quiety-next.themetags.com/integations/erecruiter5436.png]
[quiety-next.themetags.com/integations/evernote5436.png]
[quiety-next.themetags.com/integations/google-icon5436.png]
[quiety-next.themetags.com/integations/slack5436.png]
[quiety-next.themetags.com/integations/google-analytics5436.png]
[quiety-next.themetags.com/integations/google-drive5436.png]
[quiety-next.themetags.com/integations/hubspot5436.png]
[quiety-next.themetags.com/integations/instagram5436.png]
[quiety-next.themetags.com/integations/linkedin5436.png]
[quiety-next.themetags.com/integations/mailchimp5436.png]
[quiety-next.themetags.com/integations/marekto5436.png]
[quiety-next.themetags.com/blogs.html]
[quiety-next.themetags.com/blog-single.html]
[quiety-next.themetags.com/blog/blog-16356.jpg]
[quiety-next.themetags.com/testimonial/6.jpg]
[quiety-next.themetags.com/blog/blog-26356.jpg]
[quiety-next.themetags.com/testimonial/1.jpg]
[quiety-next.themetags.com/blog/blog-36356.jpg]
[quiety-next.themetags.com/testimonial/3.jpg]
[quiety-next.themetags.com/software-application.html]
[quiety-next.themetags.com/index.html]
[quiety-next.themetags.com/dots.svg]
[quiety-next.themetags.com/dropdown-arrow.svg]
[quiety-next.themetags.com/service-bg.png]
[quiety-next.themetags.com/counter-bg.png]
[quiety-next.themetags.com/pay-h.jpg]
[quiety-next.themetags.com/_next/static/media/fa-brands-400.a3aa499a.woff2]
[quiety-next.themetags.com/_next/static/media/fa-brands-400.def301a9.woff]
[quiety-next.themetags.com/_next/static/media/fa-duotone-900.3df397be.woff2]
[quiety-next.themetags.com/_next/static/media/fa-duotone-900.aa50432f.woff]
[quiety-next.themetags.com/_next/static/media/fa-light-300.65fae12d.woff2]
[quiety-next.themetags.com/_next/static/media/fa-light-300.91081ddf.woff]
[quiety-next.themetags.com/_next/static/media/fa-regular-400.192344c0.woff2]
[quiety-next.themetags.com/_next/static/media/fa-regular-400.ba6ab777.woff]
[quiety-next.themetags.com/_next/static/media/fa-solid-900.57e9cc37.woff2]
[quiety-next.themetags.com/_next/static/media/fa-solid-900.ddc2acbc.woff]
[quiety-next.themetags.com/_next/static/media/fa-thin-100.0e39a0ea.woff2]
[quiety-next.themetags.com/_next/static/media/fa-thin-100.a9411867.woff]
[quiety-next.themetags.com/_next/static/css/a858ede4f2623251.css]
[quiety-next.themetags.com/'/page-header-bg.html]
[quiety-next.themetags.com/_next/static/chunks/3151-897b0d0c99d42275.js]
[quiety-next.themetags.com/_next/static/chunks/pages/request-demo-fee1fbd287276886.js]
[quiety-next.themetags.com/testimonial/4.jpg]
[quiety-next.themetags.com/request-demo.html]
[quiety-next.themetags.com/_next/static/chunks/3547-93b7a8845d19b743.js]
[quiety-next.themetags.com/_next/static/chunks/pages/about-us-fb5cc4e87bc5803f.js]
[quiety-next.themetags.com/career.html]
[quiety-next.themetags.com/about-img-1.jpg]
[quiety-next.themetags.com/about-img-2.jpg]
[quiety-next.themetags.com/about-img-3.jpg]
[quiety-next.themetags.com/awards-01.svg]
[quiety-next.themetags.com/awards-02.svg]
[quiety-next.themetags.com/color-shape/image-274a4.svg]
[quiety-next.themetags.com/color-shape/feature-374a4.svg]
[quiety-next.themetags.com/feature-img3abde.jpg]
[quiety-next.themetags.com/team/team-1c91f.jpg]
[quiety-next.themetags.com/team/team-2c91f.jpg]
[quiety-next.themetags.com/team/team-3c91f.jpg]
[quiety-next.themetags.com/team/team-4c91f.jpg]
[quiety-next.themetags.com/team/team-5c91f.jpg]
[quiety-next.themetags.com/team/team-6c91f.jpg]
[quiety-next.themetags.com/team/team-7c91f.jpg]
[quiety-next.themetags.com/team/team-8c91f.jpg]
[quiety-next.themetags.com/about-us.html]
[quiety-next.themetags.com/clients/client-1.svg]
[quiety-next.themetags.com/clients/client-2.svg]
[quiety-next.themetags.com/clients/client-3.svg]
[quiety-next.themetags.com/screen/animated-screen-2.svg]
[quiety-next.themetags.com/screen/animated-screen-166b5.svg]
[quiety-next.themetags.com/shape/dot-big-square.svg]
[quiety-next.themetags.com/clients/client-logo-1.svg]
[quiety-next.themetags.com/clients/client-logo-2.svg]
[quiety-next.themetags.com/clients/client-logo-3.svg]
[quiety-next.themetags.com/clients/client-logo-4.svg]
[quiety-next.themetags.com/clients/client-logo-5.svg]
[quiety-next.themetags.com/clients/client-logo-6.svg]
[quiety-next.themetags.com/clients/client-logo-7.svg]
[quiety-next.themetags.com/clients/client-logo-8.svg]
[quiety-next.themetags.com/feature-hero-img3679.svg]
[quiety-next.themetags.com/feature-hero-img-23679.svg]
[quiety-next.themetags.com/testimonial/quotes-dot.svg]
[quiety-next.themetags.com/_next/static/chunks/pages/contact-us-fd24839b48155ca9.js]
[quiety-next.themetags.com/testimonial/2e12c.jpg]
[quiety-next.themetags.com/contact-us.html]
[quiety-next.themetags.com/_next/static/chunks/pages/integrations-15e69b885b9bd4bf.js]
[quiety-next.themetags.com/integration-single.html]
[quiety-next.themetags.com/integations/1.png]
[quiety-next.themetags.com/contact-us-img-2abde.svg]
[quiety-next.themetags.com/integations/2.png]
[quiety-next.themetags.com/integations/3.png]
[quiety-next.themetags.com/integations/4.png]
[quiety-next.themetags.com/integations/5.png]
[quiety-next.themetags.com/integations/6.png]
[quiety-next.themetags.com/integations/7.png]
[quiety-next.themetags.com/integations/8.png]
[quiety-next.themetags.com/integations/9.png]
[quiety-next.themetags.com/integrations.html]
[quiety-next.themetags.com/_next/static/chunks/pages/blogs-8aa9525b8ecc61b8.js]
[quiety-next.themetags.com/blog/blog-10.jpg]
[quiety-next.themetags.com/blog/blog-11.jpg]
[quiety-next.themetags.com/blog/blog-46356.jpg]
[quiety-next.themetags.com/testimonial/5.jpg]
[quiety-next.themetags.com/blog/blog-66356.jpg]
[quiety-next.themetags.com/blog/blog-76356.jpg]
[quiety-next.themetags.com/blog/blog-86356.jpg]
[quiety-next.themetags.com/blog/blog-96356.jpg]
[quiety-next.themetags.com/testimonial/2.jpg]
[quiety-next.themetags.com/blogs.html]
[quiety-next.themetags.com/_next/static/chunks/78e521c3-a427dedacbc40405.js]
[quiety-next.themetags.com/_next/static/chunks/pages/blog-single-912b22da4008a543.js]
[quiety-next.themetags.com/tab-feature-img-466b5.png]
[quiety-next.themetags.com/tab-feature-img-266b5.png]
[quiety-next.themetags.com/blog-single.html]
[quiety-next.themetags.com/_next/static/chunks/6728d85a-69812f81b60c246e.js]
[quiety-next.themetags.com/_next/static/chunks/8650-c95d13ca7250c29c.js]
[quiety-next.themetags.com/_next/static/chunks/6586-c9698677abbd07cb.js]
[quiety-next.themetags.com/_next/static/chunks/pages/index-b92f997f38862c33.js]
[quiety-next.themetags.com/clients/client-174a4.svg]
[quiety-next.themetags.com/clients/client-374a4.svg]
[quiety-next.themetags.com/clients/client-274a4.svg]
[quiety-next.themetags.com/hero-1.png]
[quiety-next.themetags.com/cta-img-1c91f.png]
[quiety-next.themetags.com/cta-img-23679.png]
[quiety-next.themetags.com/about-us-2.html]
[quiety-next.themetags.com/screen/widget-113679.png]
[quiety-next.themetags.com/screen/widget-123679.png]
[quiety-next.themetags.com/testimonial/quotes-left604c.svg]
[quiety-next.themetags.com/testimonial/t-1abde.jpg]
[quiety-next.themetags.com/testimonial/t-2abde.jpg]
[quiety-next.themetags.com/testimonial/t-3abde.jpg]
[quiety-next.themetags.com/testimonial/t-4abde.jpg]
[quiety-next.themetags.com/testimonial/t-5abde.jpg]
[quiety-next.themetags.com/testimonial/5e12c.jpg]
[quiety-next.themetags.com/office-img-1abde.jpg]
[quiety-next.themetags.com/shape/dot-big-squarec91f.svg]
[quiety-next.themetags.com/integations/15436.png]
[quiety-next.themetags.com/faq66b5.svg]
[quiety-next.themetags.com/integations/35436.png]
[quiety-next.themetags.com/integations/45436.png]
[quiety-next.themetags.com/integations/55436.png]
[quiety-next.themetags.com/integations/65436.png]
[quiety-next.themetags.com/integations/10.png]
[quiety-next.themetags.com/integations/11.png]
[quiety-next.themetags.com/integations/12.png]
[quiety-next.themetags.com/index.html]
[quiety-next.themetags.com/dots.svg]
[quiety-next.themetags.com/public/shape/dot-big-square.html]
[quiety-next.themetags.com/dropdown-arrow.svg]
[quiety-next.themetags.com/public/faq-bg.html]
[quiety-next.themetags.com/_next/static/chunks/pages/career-7062c3031e068474.js]
[quiety-next.themetags.com/career-single.html]
[quiety-next.themetags.com/career.html]
[quiety-next.themetags.com/'/shape/dot-dot-wave-shape.html]
[quiety-next.themetags.com/awards-01.svg]
[quiety-next.themetags.com/awards-02.svg]
[quiety-next.themetags.com/color-shape/image-274a4.svg]
[quiety-next.themetags.com/color-shape/feature-374a4.svg]
[quiety-next.themetags.com/'/office-img-1.html]
[quiety-next.themetags.com/'/office-img-2.html]
[quiety-next.themetags.com/'/office-img-3.html]
[quiety-next.themetags.com/'/office-img-5.html]
[quiety-next.themetags.com/'/shape/contact-us-bg.html]
[quiety-next.themetags.com/contact-us-img-2abde.svg]
[quiety-next.themetags.com/_next/static/chunks/pages/integration-single-b0bf7504184ff738.js]
[quiety-next.themetags.com/integration-single.html]
[quiety-next.themetags.com/'/hero-dot-bg.html]
[quiety-next.themetags.com/clients/client-174a4.svg]
[quiety-next.themetags.com/clients/client-274a4.svg]
[quiety-next.themetags.com/clients/client-374a4.svg]
[quiety-next.themetags.com/request-for-demo.html]
[quiety-next.themetags.com/about-us-2.html]
[quiety-next.themetags.com/testimonial/quotes-left604c.svg]
[quiety-next.themetags.com/shape/dot-big-squarec91f.svg]
[quiety-next.themetags.com/faq66b5.svg]
[quiety-next.themetags.com/blog/blog-56356.jpg]
[quiety-next.themetags.com/integations/25436.png]
[quiety-next.themetags.com/_next/static/chunks/pages/career-single-ec5ee174eefa7a56.js]
[quiety-next.themetags.com/company/2.png]
[quiety-next.themetags.com/apply-now-166b5.jpg]
[quiety-next.themetags.com/career-single.html]
